Archive member included because of file (symbol)

/usr/lib/gcc-cross/arm-linux-gnueabi/4.7/libgcc.a(_udivsi3.o)
                              arch/arm/cpu/armv7/zynq/built-in.o (__aeabi_uidiv)
/usr/lib/gcc-cross/arm-linux-gnueabi/4.7/libgcc.a(_divsi3.o)
                              common/built-in.o (__aeabi_idiv)
/usr/lib/gcc-cross/arm-linux-gnueabi/4.7/libgcc.a(_lshrdi3.o)
                              common/built-in.o (__aeabi_llsr)
/usr/lib/gcc-cross/arm-linux-gnueabi/4.7/libgcc.a(_ashldi3.o)
                              drivers/mmc/built-in.o (__aeabi_llsl)
/usr/lib/gcc-cross/arm-linux-gnueabi/4.7/libgcc.a(_dvmd_lnx.o)
                              /usr/lib/gcc-cross/arm-linux-gnueabi/4.7/libgcc.a(_udivsi3.o) (__aeabi_idiv0)

Discarded input sections

 .data          0x0000000000000000        0x0 arch/arm/cpu/armv7/start.o
 .bss           0x0000000000000000        0x0 arch/arm/cpu/armv7/start.o
 .text          0x0000000000000000        0x0 api/built-in.o
 .data          0x0000000000000000        0x0 api/built-in.o
 .bss           0x0000000000000000        0x0 api/built-in.o
 .text          0x0000000000000000        0x0 arch/arm/cpu/armv7/built-in.o
 .text.sdelay   0x0000000000000000        0xc arch/arm/cpu/armv7/built-in.o
 .text.sr32     0x0000000000000000       0x24 arch/arm/cpu/armv7/built-in.o
 .text.wait_on_value
                0x0000000000000000       0x34 arch/arm/cpu/armv7/built-in.o
 .data          0x0000000000000000        0x0 arch/arm/cpu/armv7/built-in.o
 .bss           0x0000000000000000        0x0 arch/arm/cpu/armv7/built-in.o
 .text.zynq_clk_get_name
                0x0000000000000000       0x18 arch/arm/cpu/armv7/zynq/built-in.o
 .text.zynq_get_silicon_version
                0x0000000000000000       0x14 arch/arm/cpu/armv7/zynq/built-in.o
 .data          0x0000000000000000        0x0 arch/arm/cpu/armv7/zynq/built-in.o
 .bss           0x0000000000000000        0x0 arch/arm/cpu/armv7/zynq/built-in.o
 .text.__arch_cpu_init
                0x0000000000000000        0x8 arch/arm/lib/built-in.o
 .text.__red_led_off
                0x0000000000000000        0x4 arch/arm/lib/built-in.o
 .text.__green_led_on
                0x0000000000000000        0x4 arch/arm/lib/built-in.o
 .text.__green_led_off
                0x0000000000000000        0x4 arch/arm/lib/built-in.o
 .text.__yellow_led_on
                0x0000000000000000        0x4 arch/arm/lib/built-in.o
 .text.__yellow_led_off
                0x0000000000000000        0x4 arch/arm/lib/built-in.o
 .text.__blue_led_on
                0x0000000000000000        0x4 arch/arm/lib/built-in.o
 .text.__blue_led_off
                0x0000000000000000        0x4 arch/arm/lib/built-in.o
 .text.setup_board_tags
                0x0000000000000000        0x4 arch/arm/lib/built-in.o
 .text.__arm_init_before_mmu
                0x0000000000000000        0x4 arch/arm/lib/built-in.o
 .text.__mmu_page_table_flush
                0x0000000000000000        0x4 arch/arm/lib/built-in.o
 .text.__flush_cache
                0x0000000000000000        0x4 arch/arm/lib/built-in.o
 .text.__flush_dcache_all
                0x0000000000000000        0xc arch/arm/lib/built-in.o
 .text.__enable_caches
                0x0000000000000000        0xc arch/arm/lib/built-in.o
 .data          0x0000000000000000        0x0 arch/arm/lib/built-in.o
 .bss           0x0000000000000000        0x0 arch/arm/lib/built-in.o
 .text          0x0000000000000000        0x0 board/xilinx/zynq/built-in.o
 .data          0x0000000000000000        0x0 board/xilinx/zynq/built-in.o
 .bss           0x0000000000000000        0x0 board/xilinx/zynq/built-in.o
 .text          0x0000000000000000        0x0 common/built-in.o
 .text.bootz_setup
                0x0000000000000000       0x18 common/built-in.o
 .text.invalidate_icache_all
                0x0000000000000000        0xc common/built-in.o
 .text.flush_dcache_all
                0x0000000000000000        0xc common/built-in.o
 .text.soc_clk_dump
                0x0000000000000000       0x18 common/built-in.o
 .text.eeprom_probe
                0x0000000000000000        0xc common/built-in.o
 .text.eeprom_init
                0x0000000000000000        0x4 common/built-in.o
 .text.serial_printf
                0x0000000000000000       0x4c common/built-in.o
 .text.fputs    0x0000000000000000       0x28 common/built-in.o
 .text.fprintf  0x0000000000000000       0x54 common/built-in.o
 .text.disable_ctrlc
                0x0000000000000000       0x18 common/built-in.o
 .text.dbg      0x0000000000000000        0xc common/built-in.o
 .text.cfree    0x0000000000000000        0x4 common/built-in.o
 .text.pvalloc  0x0000000000000000       0x18 common/built-in.o
 .text.valloc   0x0000000000000000        0xc common/built-in.o
 .text.malloc_usable_size
                0x0000000000000000       0x3c common/built-in.o
 .text.mallopt  0x0000000000000000       0x68 common/built-in.o
 .text.env_flags_parse_varaccess_from_binflags
[...]
Memory Configuration

Name             Origin             Length             Attributes
*default*        0x0000000000000000 0xffffffffffffffff

Linker script and memory map

                0x0000000000000000                . = 0x0
                0x0000000000000000                . = ALIGN (0x4)

.text           0x0000000004000000    0x39dc4
 *(.__image_copy_start)
 .__image_copy_start
                0x0000000004000000        0x0 arch/arm/lib/built-in.o
                0x0000000004000000                __image_copy_start
 arch/arm/cpu/armv7/start.o(.text*)
 .text          0x0000000004000000      0x3a0 arch/arm/cpu/armv7/start.o
                0x0000000004000000                _start
                0x0000000004000040                _end_vect
                0x0000000004000040                _TEXT_BASE
                0x0000000004000044                _bss_start_ofs
                0x0000000004000048                _bss_end_ofs
                0x000000000400004c                _end_ofs
                0x0000000004000050                IRQ_STACK_START_IN
                0x0000000004000094                c_runtime_cpu_setup
                0x00000000040000ac                save_boot_params
                0x00000000040000b0                cpu_init_cp15
                0x00000000040000e8                cpu_init_crit
 *(.text*)
 .text.API_display_clear
                0x00000000040003a0       0x10 api/built-in.o
 .text.API_display_draw_bitmap
                0x00000000040003b0        0x8 api/built-in.o
 .text.API_display_get_info
                0x00000000040003b8        0x8 api/built-in.o
 .text.API_env_enum
                0x00000000040003c0       0xb4 api/built-in.o
 .text.API_env_set
                0x0000000004000474       0x34 api/built-in.o
 .text.API_env_get
                0x00000000040004a8       0x38 api/built-in.o
 .text.API_dev_write
                0x00000000040004e0       0x68 api/built-in.o
 .text.API_dev_read
                0x0000000004000548       0xb8 api/built-in.o
 .text.API_dev_close
                0x0000000004000600       0x64 api/built-in.o
 .text.API_dev_open
                0x0000000004000664       0x70 api/built-in.o
 .text.API_dev_enum
                0x00000000040006d4       0x5c api/built-in.o
 .text.API_get_timer
                0x0000000004000730       0x38 api/built-in.o
 .text.API_udelay
                0x0000000004000768       0x28 api/built-in.o
 .text.API_get_sys_info
                0x0000000004000790       0x2c api/built-in.o
 .text.API_reset
                0x00000000040007bc       0x20 api/built-in.o
 .text.API_puts
                0x00000000040007dc       0x24 api/built-in.o
 .text.API_tstc
                0x0000000004000800       0x28 api/built-in.o
 .text.API_putc
                0x0000000004000828       0x28 api/built-in.o
 .text.API_getc
                0x0000000004000850       0x28 api/built-in.o
 .text.syscall  0x0000000004000878       0x6c api/built-in.o
                0x0000000004000878                syscall
 .text.api_init
                0x00000000040008e4      0x16c api/built-in.o
                0x00000000040008e4                api_init
 .text.platform_set_mr
                0x0000000004000a50       0x78 api/built-in.o
                0x0000000004000a50                platform_set_mr
 .text.display_get_info
                0x0000000004000ac8       0x10 api/built-in.o
                0x0000000004000ac8                display_get_info
 .text.display_draw_bitmap
                0x0000000004000ad8       0x10 api/built-in.o
                0x0000000004000ad8                display_draw_bitmap
 .text.display_clear
                0x0000000004000ae8        0x4 api/built-in.o
                0x0000000004000ae8                display_clear
 .text.dev_open_net
                0x0000000004000aec       0x38 api/built-in.o
                0x0000000004000aec                dev_open_net
 .text.dev_close_net
                0x0000000004000b24       0x2c api/built-in.o
                0x0000000004000b24                dev_close_net
 .text.dev_enum_net
                0x0000000004000b50       0x44 api/built-in.o
                0x0000000004000b50                dev_enum_net
 .text.dev_write_net
                0x0000000004000b94        0xc api/built-in.o
                0x0000000004000b94                dev_write_net
 .text.dev_read_net
                0x0000000004000ba0        0xc api/built-in.o
                0x0000000004000ba0                dev_read_net
 .text.platform_sys_info
                0x0000000004000bac       0x24 api/built-in.o
                0x0000000004000bac                platform_sys_info
 .text.dev_stor_type
                0x0000000004000bd0       0x5c api/built-in.o
 .text.dev_stor_is_valid
                0x0000000004000c2c       0x60 api/built-in.o
 .text.dev_stor_get
                0x0000000004000c8c      0x124 api/built-in.o
 .text.dev_stor_init
                0x0000000004000db0       0x58 api/built-in.o
                0x0000000004000db0                dev_stor_init
 .text.dev_enum_reset
                0x0000000004000e08       0x38 api/built-in.o
                0x0000000004000e08                dev_enum_reset
 .text.dev_enum_storage
                0x0000000004000e40      0x108 api/built-in.o
                0x0000000004000e40                dev_enum_storage
 .text.dev_open_stor
                0x0000000004000f48       0x34 api/built-in.o
                0x0000000004000f48                dev_open_stor
 .text.dev_close_stor
                0x0000000004000f7c        0x8 api/built-in.o
                0x0000000004000f7c                dev_close_stor
 .text.dev_read_stor
                0x0000000004000f84       0xa4 api/built-in.o
                0x0000000004000f84                dev_read_stor
 .text.v7_maint_dcache_all
                0x0000000004001028       0xd0 arch/arm/cpu/armv7/built-in.o
 .text.v7_dcache_inval_range
                0x00000000040010f8       0x80 arch/arm/cpu/armv7/built-in.o
 .text.invalidate_icache_all
                0x0000000004001178       0x18 arch/arm/cpu/armv7/built-in.o
                0x0000000004001178                invalidate_icache_all
 .text.__v7_outer_cache_enable
                0x0000000004001190        0x4 arch/arm/cpu/armv7/built-in.o
                0x0000000004001190                __v7_outer_cache_enable
                0x0000000004001190                v7_outer_cache_enable
 .text.__v7_outer_cache_disable
                0x0000000004001194        0x4 arch/arm/cpu/armv7/built-in.o
                0x0000000004001194                v7_outer_cache_disable
                0x0000000004001194                __v7_outer_cache_disable
 .text.__v7_outer_cache_flush_all
                0x0000000004001198        0x4 arch/arm/cpu/armv7/built-in.o
                0x0000000004001198                __v7_outer_cache_flush_all
                0x0000000004001198                v7_outer_cache_flush_all
 .text.flush_dcache_all
                0x000000000400119c       0x14 arch/arm/cpu/armv7/built-in.o
                0x000000000400119c                flush_dcache_all
 .text.__v7_outer_cache_inval_all
                0x00000000040011b0        0x4 arch/arm/cpu/armv7/built-in.o
                0x00000000040011b0                v7_outer_cache_inval_all
                0x00000000040011b0                __v7_outer_cache_inval_all
 .text.invalidate_dcache_all
                0x00000000040011b4       0x14 arch/arm/cpu/armv7/built-in.o
                0x00000000040011b4                invalidate_dcache_all
 .text.arm_init_before_mmu
                0x00000000040011c8       0x28 arch/arm/cpu/armv7/built-in.o
                0x00000000040011c8                arm_init_before_mmu
 .text.__v7_outer_cache_flush_range
                0x00000000040011f0        0x4 arch/arm/cpu/armv7/built-in.o
                0x00000000040011f0                v7_outer_cache_flush_range
                0x00000000040011f0                __v7_outer_cache_flush_range
 .text.flush_dcache_range
                0x00000000040011f4       0x3c arch/arm/cpu/armv7/built-in.o
                0x00000000040011f4                flush_dcache_range
 .text.flush_cache
                0x0000000004001230        0x8 arch/arm/cpu/armv7/built-in.o
                0x0000000004001230                flush_cache
 .text.mmu_page_table_flush
                0x0000000004001238       0x24 arch/arm/cpu/armv7/built-in.o
                0x0000000004001238                mmu_page_table_flush
 .text.__v7_outer_cache_inval_range
                0x000000000400125c        0x4 arch/arm/cpu/armv7/built-in.o
                0x000000000400125c                __v7_outer_cache_inval_range
                0x000000000400125c                v7_outer_cache_inval_range
 .text.invalidate_dcache_range
                0x0000000004001260       0x3c arch/arm/cpu/armv7/built-in.o
                0x0000000004001260                invalidate_dcache_range
 .text.cpu_cache_initialization
                0x000000000400129c        0x4 arch/arm/cpu/armv7/built-in.o
                0x000000000400129c                cpu_cache_initialization
 .text.cleanup_before_linux
                0x00000000040012a0       0x28 arch/arm/cpu/armv7/built-in.o
                0x00000000040012a0                cleanup_before_linux
 .text          0x00000000040012c8       0x24 arch/arm/cpu/armv7/zynq/built-in.o
                0x00000000040012c8                lowlevel_init
 .text.ddr2x_get_rate
                0x00000000040012ec       0x3c arch/arm/cpu/armv7/zynq/built-in.o
 .text.ddr3x_get_rate
                0x0000000004001328       0x3c arch/arm/cpu/armv7/zynq/built-in.o
 .text.zynq_clk_periph_get_rate
                0x0000000004001364       0x68 arch/arm/cpu/armv7/zynq/built-in.o
 .text.zynq_clk_register_periph_clk
                0x00000000040013cc       0x5c arch/arm/cpu/armv7/zynq/built-in.o
 .text.__zynq_clk_pll_get_rate
                0x0000000004001428       0x20 arch/arm/cpu/armv7/zynq/built-in.o
 .text.zynq_clk_pll_get_rate
                0x0000000004001448        0x8 arch/arm/cpu/armv7/zynq/built-in.o
 .text.zynq_clk_periph_set_rate
                0x0000000004001450      0x124 arch/arm/cpu/armv7/zynq/built-in.o
 .text.zynq_clk_early_init
                0x0000000004001574       0x78 arch/arm/cpu/armv7/zynq/built-in.o
                0x0000000004001574                zynq_clk_early_init
 .text.get_uart_clk
                0x00000000040015ec       0x54 arch/arm/cpu/armv7/zynq/built-in.o
                0x00000000040015ec                get_uart_clk
 .text.set_cpu_clk_info
                0x0000000004001640      0x5dc arch/arm/cpu/armv7/zynq/built-in.o
                0x0000000004001640                set_cpu_clk_info
 .text.zynq_clk_get_rate
                0x0000000004001c1c       0x20 arch/arm/cpu/armv7/zynq/built-in.o
                0x0000000004001c1c                zynq_clk_get_rate
 .text.zynq_clk_set_rate
                0x0000000004001c3c       0x40 arch/arm/cpu/armv7/zynq/built-in.o
                0x0000000004001c3c                zynq_clk_set_rate
 .text.soc_clk_dump
                0x0000000004001c7c       0x50 arch/arm/cpu/armv7/zynq/built-in.o
                0x0000000004001c7c                soc_clk_dump
 .text.arch_cpu_init
                0x0000000004001ccc       0x60 arch/arm/cpu/armv7/zynq/built-in.o
                0x0000000004001ccc                arch_cpu_init
 .text.reset_cpu
                0x0000000004001d2c        0xc arch/arm/cpu/armv7/zynq/built-in.o
                0x0000000004001d2c                reset_cpu
 .text.enable_caches
                0x0000000004001d38        0x4 arch/arm/cpu/armv7/zynq/built-in.o
                0x0000000004001d38                enable_caches
 .text.zynq_ddrc_init
                0x0000000004001d3c       0x64 arch/arm/cpu/armv7/zynq/built-in.o
                0x0000000004001d3c                zynq_ddrc_init
 .text.zynq_slcr_lock
                0x0000000004001da0       0x2c arch/arm/cpu/armv7/zynq/built-in.o
                0x0000000004001da0                zynq_slcr_lock
 .text.zynq_slcr_unlock
                0x0000000004001dcc       0x2c arch/arm/cpu/armv7/zynq/built-in.o
                0x0000000004001dcc                zynq_slcr_unlock
 .text.zynq_slcr_cpu_reset
                0x0000000004001df8       0x24 arch/arm/cpu/armv7/zynq/built-in.o
                0x0000000004001df8                zynq_slcr_cpu_reset
 .text.zynq_slcr_gem_clk_setup
                0x0000000004001e1c       0x68 arch/arm/cpu/armv7/zynq/built-in.o
                0x0000000004001e1c                zynq_slcr_gem_clk_setup
 .text.zynq_slcr_devcfg_disable
                0x0000000004001e84       0x24 arch/arm/cpu/armv7/zynq/built-in.o
                0x0000000004001e84                zynq_slcr_devcfg_disable
 .text.zynq_slcr_devcfg_enable
                0x0000000004001ea8       0x24 arch/arm/cpu/armv7/zynq/built-in.o
                0x0000000004001ea8                zynq_slcr_devcfg_enable
 .text.zynq_slcr_get_boot_mode
                0x0000000004001ecc        0xc arch/arm/cpu/armv7/zynq/built-in.o
                0x0000000004001ecc                zynq_slcr_get_boot_mode
 .text.zynq_slcr_get_idcode
                0x0000000004001ed8       0x10 arch/arm/cpu/armv7/zynq/built-in.o
                0x0000000004001ed8                zynq_slcr_get_idcode
 .text.zynq_slcr_get_mio_pin_status
                0x0000000004001ee8       0x90 arch/arm/cpu/armv7/zynq/built-in.o
                0x0000000004001ee8                zynq_slcr_get_mio_pin_status
 .text.timer_init
                0x0000000004001f78       0x60 arch/arm/cpu/armv7/zynq/built-in.o
                0x0000000004001f78                timer_init
 .text.get_timer_masked
                0x0000000004001fd8       0x50 arch/arm/cpu/armv7/zynq/built-in.o
                0x0000000004001fd8                get_timer_masked
 .text.__udelay
                0x0000000004002028       0x8c arch/arm/cpu/armv7/zynq/built-in.o
                0x0000000004002028                __udelay
 .text.get_timer
                0x00000000040020b4       0x14 arch/arm/cpu/armv7/zynq/built-in.o
                0x00000000040020b4                get_timer
 .text.get_ticks
                0x00000000040020c8       0x10 arch/arm/cpu/armv7/zynq/built-in.o
                0x00000000040020c8                get_ticks
 .text.get_tbclk
                0x00000000040020d8        0x8 arch/arm/cpu/armv7/zynq/built-in.o
                0x00000000040020d8                get_tbclk
 .text          0x00000000040020e0       0xe8 arch/arm/lib/built-in.o
                0x00000000040020e0                _main
                0x0000000004002164                relocate_code
 .text.init_func_i2c
                0x00000000040021c8       0x28 arch/arm/lib/built-in.o
 .text.display_banner
                0x00000000040021f0       0x20 arch/arm/lib/built-in.o
 .text.init_baudrate
                0x0000000004002210       0x2c arch/arm/lib/built-in.o
 .text.mark_bootstage
                0x000000000400223c       0x14 arch/arm/lib/built-in.o
 .text.__coloured_LED_init
                0x0000000004002250        0x4 arch/arm/lib/built-in.o
                0x0000000004002250                coloured_LED_init
                0x0000000004002250                __coloured_LED_init
 .text.__red_led_on
                0x0000000004002254        0x4 arch/arm/lib/built-in.o
                0x0000000004002254                __red_led_on
                0x0000000004002254                red_led_on
 .text.__dram_init_banksize
                0x0000000004002258       0x1c arch/arm/lib/built-in.o
                0x0000000004002258                __dram_init_banksize
                0x0000000004002258                dram_init_banksize
 .text.__power_init_board
                0x0000000004002274        0x8 arch/arm/lib/built-in.o
                0x0000000004002274                __power_init_board
                0x0000000004002274                power_init_board
 .text.board_init_f
                0x000000000400227c      0x118 arch/arm/lib/built-in.o
                0x000000000400227c                board_init_f
 .text.board_init_r
                0x0000000004002394       0xc4 arch/arm/lib/built-in.o
                0x0000000004002394                board_init_r
 .text.arch_fixup_memory_node
                0x0000000004002458        0x8 arch/arm/lib/built-in.o
                0x0000000004002458                arch_fixup_memory_node
 .text.boot_jump_linux
                0x0000000004002460       0xb4 arch/arm/lib/built-in.o
 .text.boot_prep_linux
                0x0000000004002514       0x40 arch/arm/lib/built-in.o
 .text.arch_lmb_reserve
                0x0000000004002554       0x24 arch/arm/lib/built-in.o
                0x0000000004002554                arch_lmb_reserve
 .text.do_bootm_linux
                0x0000000004002578       0x60 arch/arm/lib/built-in.o
                0x0000000004002578                do_bootm_linux
 .text.bootz_setup
                0x00000000040025d8       0x60 arch/arm/lib/built-in.o
                0x00000000040025d8                bootz_setup
 .text.boot_prep_vxworks
                0x0000000004002638       0x4c arch/arm/lib/built-in.o
                0x0000000004002638                boot_prep_vxworks
 .text.boot_jump_vxworks
                0x0000000004002684       0x14 arch/arm/lib/built-in.o
                0x0000000004002684                boot_jump_vxworks
 .text.cp_delay
                0x0000000004002698       0x30 arch/arm/lib/built-in.o
 .text.arm_init_domains
                0x00000000040026c8        0x4 arch/arm/lib/built-in.o
                0x00000000040026c8                arm_init_domains
 .text.set_section_dcache
                0x00000000040026cc       0x14 arch/arm/lib/built-in.o
                0x00000000040026cc                set_section_dcache
 .text.mmu_set_region_dcache_behaviour
                0x00000000040026e0       0x50 arch/arm/lib/built-in.o
                0x00000000040026e0                mmu_set_region_dcache_behaviour
 .text.dram_bank_mmu_setup
                0x0000000004002730       0x48 arch/arm/lib/built-in.o
                0x0000000004002730                dram_bank_mmu_setup
 .text.icache_enable
                0x0000000004002778       0x18 arch/arm/lib/built-in.o
                0x0000000004002778                icache_enable
 .text.icache_disable
                0x0000000004002790       0x1c arch/arm/lib/built-in.o
                0x0000000004002790                icache_disable
 .text.icache_status
                0x00000000040027ac        0xc arch/arm/lib/built-in.o
                0x00000000040027ac                icache_status
 .text.dcache_enable
                0x00000000040027b8       0x6c arch/arm/lib/built-in.o
                0x00000000040027b8                dcache_enable
 .text.dcache_disable
                0x0000000004002824       0x28 arch/arm/lib/built-in.o
                0x0000000004002824                dcache_disable
 .text.dcache_status
                0x000000000400284c        0xc arch/arm/lib/built-in.o
                0x000000000400284c                dcache_status
 .text.interrupt_init
                0x0000000004002858       0x1c arch/arm/lib/built-in.o
                0x0000000004002858                interrupt_init
 .text.enable_interrupts
                0x0000000004002874        0x4 arch/arm/lib/built-in.o
                0x0000000004002874                enable_interrupts
 .text.disable_interrupts
                0x0000000004002878        0x8 arch/arm/lib/built-in.o
                0x0000000004002878                disable_interrupts
 .text.bad_mode
                0x0000000004002880       0x10 arch/arm/lib/built-in.o
                0x0000000004002880                bad_mode
 .text.show_regs
                0x0000000004002890      0x13c arch/arm/lib/built-in.o
                0x0000000004002890                show_regs
 .text.do_undefined_instruction
                0x00000000040029cc       0x20 arch/arm/lib/built-in.o
                0x00000000040029cc                do_undefined_instruction
 .text.do_software_interrupt
                0x00000000040029ec       0x20 arch/arm/lib/built-in.o
                0x00000000040029ec                do_software_interrupt
 .text.do_prefetch_abort
                0x0000000004002a0c       0x20 arch/arm/lib/built-in.o
                0x0000000004002a0c                do_prefetch_abort
 .text.do_data_abort
                0x0000000004002a2c       0x20 arch/arm/lib/built-in.o
                0x0000000004002a2c                do_data_abort
 .text.do_not_used
                0x0000000004002a4c       0x20 arch/arm/lib/built-in.o
                0x0000000004002a4c                do_not_used
 .text.do_fiq   0x0000000004002a6c       0x20 arch/arm/lib/built-in.o
                0x0000000004002a6c                do_fiq
 .text.do_irq   0x0000000004002a8c       0x20 arch/arm/lib/built-in.o
                0x0000000004002a8c                do_irq
 .text.do_reset
                0x0000000004002aac       0x2c arch/arm/lib/built-in.o
                0x0000000004002aac                do_reset
 .text.board_init
                0x0000000004002ad8       0xdc board/xilinx/zynq/built-in.o
                0x0000000004002ad8                board_init
 .text.board_late_init
                0x0000000004002bb4       0x9c board/xilinx/zynq/built-in.o
                0x0000000004002bb4                board_late_init
 .text.board_eth_init
                0x0000000004002c50       0x14 board/xilinx/zynq/built-in.o
                0x0000000004002c50                board_eth_init
 .text.board_mmc_init
                0x0000000004002c64        0xc board/xilinx/zynq/built-in.o
                0x0000000004002c64                board_mmc_init
 .text.dram_init
                0x0000000004002c70       0x18 board/xilinx/zynq/built-in.o
                0x0000000004002c70                dram_init
 .text.print_num
                0x0000000004002c88       0x18 common/built-in.o
 .text.do_bdinfo
                0x0000000004002ca0      0x1bc common/built-in.o
                0x0000000004002ca0                do_bdinfo
 .text.do_go_exec
                0x0000000004002e5c       0x18 common/built-in.o
                0x0000000004002e5c                do_go_exec
 .text.do_go    0x0000000004002e74       0x70 common/built-in.o
 .text.image_info
                0x0000000004002ee4      0x118 common/built-in.o
 .text.do_bootm_standalone
                0x0000000004002ffc       0x68 common/built-in.o
 .text.do_bootd
                0x0000000004003064       0x24 common/built-in.o
                0x0000000004003064                do_bootd
 .text.do_bootm_rtems
                0x0000000004003088       0x70 common/built-in.o
 .text.do_iminfo
                0x00000000040030f8       0x60 common/built-in.o
 .text.bootm_find_ramdisk.isra.8
                0x0000000004003158       0x40 common/built-in.o
 .text.bootm_find_fdt
                0x0000000004003198       0x5c common/built-in.o
 .text.do_bootm_qnxelf
                0x00000000040031f4       0x8c common/built-in.o
 .text.do_bootm_plan9
                0x0000000004003280       0xfc common/built-in.o
 .text.__arch_preboot_os
                0x000000000400337c        0x4 common/built-in.o
                0x000000000400337c                arch_preboot_os
 .text.do_bootm_states.isra.16.constprop.20
                0x0000000004003380      0x980 common/built-in.o
 .text.do_bootm
                0x0000000004003d00       0xd8 common/built-in.o
                0x0000000004003d00                do_bootm
 .text.bootm_maybe_autostart
                0x0000000004003dd8       0x74 common/built-in.o
                0x0000000004003dd8                bootm_maybe_autostart
 .text.do_bootvx_fdt
                0x0000000004003e4c      0x108 common/built-in.o
                0x0000000004003e4c                do_bootvx_fdt
 .text.do_bootm_vxworks
                0x0000000004003f54       0x54 common/built-in.o
 .text.do_bootz
                0x0000000004003fa8      0x100 common/built-in.o
                0x0000000004003fa8                do_bootz
 .text.parse_argv
                0x00000000040040a8       0x64 common/built-in.o
 .text.do_icache
                0x000000000400410c       0x8c common/built-in.o
                0x000000000400410c                do_icache
 .text.do_dcache
                0x0000000004004198       0x8c common/built-in.o
                0x0000000004004198                do_dcache
 .text.do_clk   0x0000000004004224       0x5c common/built-in.o
 .text.do_clk_dump
                0x0000000004004280        0x4 common/built-in.o
 .text.do_coninfo
                0x0000000004004284       0xb8 common/built-in.o
 .text.common_diskboot
                0x000000000400433c      0x2ac common/built-in.o
                0x000000000400433c                common_diskboot
 .text.do_echo  0x00000000040045e8       0xb0 common/built-in.o
 .text.eeprom_read
                0x0000000004004698       0x74 common/built-in.o
                0x0000000004004698                eeprom_read
 .text.eeprom_write
                0x000000000400470c       0x74 common/built-in.o
                0x000000000400470c                eeprom_write
 .text.do_eeprom
                0x0000000004004780      0x104 common/built-in.o
                0x0000000004004780                do_eeprom
 .text.load_elf_image_shdr
                0x0000000004004884       0x8c common/built-in.o
 .text.do_bootelf_exec
                0x0000000004004910       0x44 common/built-in.o
                0x0000000004004910                do_bootelf_exec
 .text.valid_elf_image
                0x0000000004004954       0x4c common/built-in.o
                0x0000000004004954                valid_elf_image
 .text.do_bootvx
                0x00000000040049a0      0x2a0 common/built-in.o
                0x00000000040049a0                do_bootvx
 .text.do_bootelf
                0x0000000004004c40      0x164 common/built-in.o
                0x0000000004004c40                do_bootelf
 .text.do_exit  0x0000000004004da4       0x34 common/built-in.o
 .text.do_ext2load
                0x0000000004004dd8       0x14 common/built-in.o
                0x0000000004004dd8                do_ext2load
 .text.do_ext2ls
                0x0000000004004dec       0x14 common/built-in.o
                0x0000000004004dec                do_ext2ls
 .text.do_ext4_ls
                0x0000000004004e00       0x14 common/built-in.o
                0x0000000004004e00                do_ext4_ls
 .text.do_ext4_load
                0x0000000004004e14       0x14 common/built-in.o
                0x0000000004004e14                do_ext4_load
 .text.do_ext4_write
                0x0000000004004e28       0xf4 common/built-in.o
                0x0000000004004e28                do_ext4_write
 .text.do_fat_fswrite
                0x0000000004004f1c       0xf8 common/built-in.o
 .text.do_fat_fsinfo
                0x0000000004005014       0x90 common/built-in.o
 .text.do_fat_ls
                0x00000000040050a4       0x14 common/built-in.o
 .text.do_fat_fsload
                0x00000000040050b8       0x14 common/built-in.o
                0x00000000040050b8                do_fat_fsload
 .text.fdt_valid
                0x00000000040050cc       0xc0 common/built-in.o
 .text.is_printable_string
                0x000000000400518c       0x90 common/built-in.o
 .text.print_data
                0x000000000400521c      0x170 common/built-in.o
 .text.set_working_fdt_addr
                0x000000000400538c       0x1c common/built-in.o
                0x000000000400538c                set_working_fdt_addr
 .text.do_fdt   0x00000000040053a8      0xeac common/built-in.o
 .text.do_fpga  0x0000000004006254      0x424 common/built-in.o
                0x0000000004006254                do_fpga
 .text.do_help  0x0000000004006678       0x44 common/built-in.o
 .text.get_alen
                0x00000000040066bc       0x3c common/built-in.o
 .text.do_i2c   0x00000000040066f8       0x5c common/built-in.o
 .text.do_i2c_reset
                0x0000000004006754       0x30 common/built-in.o
 .text.do_i2c_mw
                0x0000000004006784       0xf0 common/built-in.o
 .text.do_i2c_read
                0x0000000004006874       0xac common/built-in.o
 .text.do_i2c_probe
                0x0000000004006920       0xa0 common/built-in.o
 .text.do_i2c_md
                0x00000000040069c0      0x1d4 common/built-in.o
 .text.do_i2c_crc
                0x0000000004006b94      0x114 common/built-in.o
 .text.do_i2c_bus_num
                0x0000000004006ca8       0xb8 common/built-in.o
                0x0000000004006ca8                do_i2c_bus_num
 .text.do_i2c_bus_speed
                0x0000000004006d60       0x74 common/built-in.o
 .text.do_i2c_show_bus
                0x0000000004006dd4       0xe0 common/built-in.o
                0x0000000004006dd4                do_i2c_show_bus
 .text.do_i2c_write
                0x0000000004006eb4       0xf0 common/built-in.o
 .text.do_i2c_loop
                0x0000000004006fa4       0xdc common/built-in.o
 .text.mod_i2c_mem.isra.4
                0x0000000004007080      0x1ec common/built-in.o
 .text.do_i2c_nm
                0x000000000400726c        0x8 common/built-in.o
 .text.do_i2c_mm
                0x0000000004007274        0x8 common/built-in.o
 .text.i2c_init_board
                0x000000000400727c        0x4 common/built-in.o
                0x000000000400727c                i2c_init_board
 .text.evalexp  0x0000000004007280       0x78 common/built-in.o
 .text.binary_test
                0x00000000040072f8      0x1cc common/built-in.o
 .text.do_itest
                0x00000000040074c4       0x98 common/built-in.o
 .text.bin_data_init
                0x000000000400755c       0x2c common/built-in.o
 .text.k_data_restore
                0x0000000004007588       0x4c common/built-in.o
 .text.load_serial_ymodem
                0x00000000040075d4       0xe0 common/built-in.o
 .text.getcxmodem
                0x00000000040076b4       0x20 common/built-in.o
 .text.bin_data_char
                0x00000000040076d4       0x28 common/built-in.o
 .text.chk1.constprop.1
                0x00000000040076fc       0x30 common/built-in.o
 .text.s1_sendpacket.constprop.2
                0x000000000400772c       0x50 common/built-in.o
 .text.load_serial
                0x000000000400777c      0x1f8 common/built-in.o
 .text.do_load_serial
                0x0000000004007974       0xe0 common/built-in.o
 .text.do_load_serial_bin
                0x0000000004007a54      0x7fc common/built-in.o
 .text.extract_range
                0x0000000004008250       0xd8 common/built-in.o
 .text.do_mdio  0x0000000004008328      0x4c0 common/built-in.o
 .text.do_mem_loop
                0x00000000040087e8       0xfc common/built-in.o
 .text.do_mem_mw
                0x00000000040088e4       0xc4 common/built-in.o
 .text.do_mem_base
                0x00000000040089a8       0x40 common/built-in.o
 .text.do_mem_cmp
                0x00000000040089e8      0x158 common/built-in.o
 .text.do_mem_crc
                0x0000000004008b40       0x48 common/built-in.o
 .text.do_mem_cp
                0x0000000004008b88       0xd8 common/built-in.o
 .text.do_mem_md
                0x0000000004008c60       0xec common/built-in.o
 .text.mod_mem.isra.2
                0x0000000004008d4c      0x178 common/built-in.o
 .text.do_mem_nm
                0x0000000004008ec4        0x8 common/built-in.o
 .text.do_mem_mm
                0x0000000004008ecc        0x8 common/built-in.o
 .text.do_mii   0x0000000004008ed4      0x7b8 common/built-in.o
 .text.do_sleep
                0x000000000400968c       0x70 common/built-in.o
 .text.do_mmcops
                0x00000000040096fc      0x524 common/built-in.o
 .text.do_mmcinfo
                0x0000000004009c20      0x17c common/built-in.o
 .text.netboot_common
                0x0000000004009d9c      0x30c common/built-in.o
 .text.do_nfs   0x000000000400a0a8        0xc common/built-in.o
 .text.do_dhcp  0x000000000400a0b4        0xc common/built-in.o
 .text.do_bootp
                0x000000000400a0c0        0xc common/built-in.o
 .text.do_tftpput
                0x000000000400a0cc        0xc common/built-in.o
                0x000000000400a0cc                do_tftpput
 .text.do_tftpb
                0x000000000400a0d8       0x40 common/built-in.o
                0x000000000400a0d8                do_tftpb
 .text.do_ping  0x000000000400a118       0x74 common/built-in.o
 .text.do_env_delete
                0x000000000400a18c       0xa8 common/built-in.o
 .text.env_print
                0x000000000400a234       0xc8 common/built-in.o
 .text.do_env_print
                0x000000000400a2fc       0xc8 common/built-in.o
 .text.do_env   0x000000000400a3c4       0x5c common/built-in.o
 .text.do_env_import
                0x000000000400a420      0x264 common/built-in.o
 .text.do_env_default
                0x000000000400a684       0xb4 common/built-in.o
 .text.do_env_save
                0x000000000400a738       0x2c common/built-in.o
 .text._do_env_set.isra.0
                0x000000000400a764      0x1d8 common/built-in.o
 .text.do_env_set
                0x000000000400a93c       0x1c common/built-in.o
 .text.get_env_id
                0x000000000400a958       0x10 common/built-in.o
                0x000000000400a958                get_env_id
 .text.setenv   0x000000000400a968       0x60 common/built-in.o
                0x000000000400a968                setenv
 .text.setenv_ulong
                0x000000000400a9c8       0x20 common/built-in.o
                0x000000000400a9c8                setenv_ulong
 .text.setenv_hex
                0x000000000400a9e8       0x34 common/built-in.o
                0x000000000400a9e8                setenv_hex
 .text.do_env_export
                0x000000000400aa1c      0x26c common/built-in.o
 .text.envmatch
                0x000000000400ac88       0x6c common/built-in.o
                0x000000000400ac88                envmatch
 .text.getenv_f
                0x000000000400acf4       0xd0 common/built-in.o
                0x000000000400acf4                getenv_f
 .text.getenv   0x000000000400adc4       0x78 common/built-in.o
                0x000000000400adc4                getenv
 .text.do_env_edit
                0x000000000400ae3c       0x7c common/built-in.o
 .text.getenv_ulong
                0x000000000400aeb8       0x30 common/built-in.o
                0x000000000400aeb8                getenv_ulong
 .text.getenv_hex
                0x000000000400aee8       0x34 common/built-in.o
                0x000000000400aee8                getenv_hex
 .text.bytes_per_second
                0x000000000400af1c       0x50 common/built-in.o
 .text.do_spi_flash
                0x000000000400af6c      0x774 common/built-in.o
 .text.source   0x000000000400b6e0      0x1b8 common/built-in.o
                0x000000000400b6e0                source
 .text.do_source
                0x000000000400b898       0x6c common/built-in.o
                0x000000000400b898                do_source
 .text.do_spi   0x000000000400b904      0x268 common/built-in.o
                0x000000000400b904                do_spi
 .text.do_spl   0x000000000400bb6c      0x19c common/built-in.o
 .text.do_false
                0x000000000400bd08        0x8 common/built-in.o
 .text.do_true  0x000000000400bd10        0x8 common/built-in.o
 .text.do_test  0x000000000400bd18      0x478 common/built-in.o
 .text.usb_get_class_desc
                0x000000000400c190       0xc4 common/built-in.o
 .text.do_usbboot
                0x000000000400c254        0xc common/built-in.o
 .text.usb_display_class_sub
                0x000000000400c260      0x188 common/built-in.o
 .text.usb_find_device
                0x000000000400c3e8       0x3c common/built-in.o
 .text.usb_show_tree_graph
                0x000000000400c424      0x21c common/built-in.o
 .text.usb_display_string
                0x000000000400c640       0x44 common/built-in.o
 .text.usb_display_config
                0x000000000400c684      0x22c common/built-in.o
 .text.usb_display_desc.part.1
                0x000000000400c8b0      0x120 common/built-in.o
 .text.do_usb   0x000000000400c9d0      0x770 common/built-in.o
 .text.do_version
                0x000000000400d140       0x38 common/built-in.o
 .text.do_imgextract
                0x000000000400d178      0x398 common/built-in.o
 .text.find_cmd_tbl
                0x000000000400d510       0xa4 common/built-in.o
                0x000000000400d510                find_cmd_tbl
 .text.find_cmd
                0x000000000400d5b4       0x28 common/built-in.o
                0x000000000400d5b4                find_cmd
 .text.cmd_usage
                0x000000000400d5dc       0x5c common/built-in.o
                0x000000000400d5dc                cmd_usage
 .text._do_help
                0x000000000400d638      0x184 common/built-in.o
                0x000000000400d638                _do_help
 .text.var_complete
                0x000000000400d7bc       0x88 common/built-in.o
                0x000000000400d7bc                var_complete
 .text.cmd_auto_complete
                0x000000000400d844      0x4c8 common/built-in.o
                0x000000000400d844                cmd_auto_complete
 .text.cmd_get_data_size
                0x000000000400dd0c       0x50 common/built-in.o
                0x000000000400dd0c                cmd_get_data_size
 .text.cmd_process
                0x000000000400dd5c       0xec common/built-in.o
                0x000000000400dd5c                cmd_process
 .text.console_setfile
                0x000000000400de48       0xa0 common/built-in.o
 .text.fgetc    0x000000000400dee8       0x2c common/built-in.o
                0x000000000400dee8                fgetc
 .text.ftstc    0x000000000400df14       0x2c common/built-in.o
                0x000000000400df14                ftstc
 .text.fputc    0x000000000400df40       0x28 common/built-in.o
                0x000000000400df40                fputc
 .text.getc     0x000000000400df68       0x24 common/built-in.o
                0x000000000400df68                getc
 .text.tstc     0x000000000400df8c       0x24 common/built-in.o
                0x000000000400df8c                tstc
 .text.putc     0x000000000400dfb0       0x28 common/built-in.o
                0x000000000400dfb0                putc
 .text.puts     0x000000000400dfd8       0x3c common/built-in.o
                0x000000000400dfd8                puts
 .text.printf   0x000000000400e014       0x58 common/built-in.o
                0x000000000400e014                printf
 .text.vprintf  0x000000000400e06c       0x40 common/built-in.o
                0x000000000400e06c                vprintf
 .text.ctrlc    0x000000000400e0ac       0x58 common/built-in.o
                0x000000000400e0ac                ctrlc
 .text.had_ctrlc
                0x000000000400e104       0x10 common/built-in.o
                0x000000000400e104                had_ctrlc
 .text.clear_ctrlc
                0x000000000400e114       0x14 common/built-in.o
                0x000000000400e114                clear_ctrlc
 .text.search_device
                0x000000000400e128       0x30 common/built-in.o
                0x000000000400e128                search_device
 .text.console_assign
                0x000000000400e158       0x48 common/built-in.o
                0x000000000400e158                console_assign
 .text.on_console
                0x000000000400e1a0       0xc4 common/built-in.o
 .text.console_init_f
                0x000000000400e264       0x10 common/built-in.o
                0x000000000400e264                console_init_f
 .text.stdio_print_current_devices
                0x000000000400e274       0xb8 common/built-in.o
                0x000000000400e274                stdio_print_current_devices
 .text.console_init_r
                0x000000000400e32c       0xd4 common/built-in.o
                0x000000000400e32c                console_init_r
 .text.sbrk     0x000000000400e400       0x70 common/built-in.o
                0x000000000400e400                sbrk
 .text.mem_malloc_init
                0x000000000400e470       0x34 common/built-in.o
                0x000000000400e470                mem_malloc_init
 .text.malloc_trim
                0x000000000400e4a4       0xcc common/built-in.o
                0x000000000400e4a4                malloc_trim
 .text.free     0x000000000400e570      0x238 common/built-in.o
                0x000000000400e570                free
 .text.malloc   0x000000000400e7a8      0x604 common/built-in.o
                0x000000000400e7a8                malloc
 .text.calloc   0x000000000400edac       0xd8 common/built-in.o
                0x000000000400edac                calloc
 .text.memalign
                0x000000000400ee84      0x10c common/built-in.o
                0x000000000400ee84                memalign
 .text.realloc  0x000000000400ef90      0x4bc common/built-in.o
                0x000000000400ef90                realloc
 .text.env_attr_walk
                0x000000000400f44c      0x11c common/built-in.o
                0x000000000400f44c                env_attr_walk
 .text.env_attr_lookup
                0x000000000400f568      0x190 common/built-in.o
                0x000000000400f568                env_attr_lookup
 .text.clear_callback
                0x000000000400f6f8       0x10 common/built-in.o
 .text.on_callbacks
                0x000000000400f708       0x48 common/built-in.o
 .text.set_callback
                0x000000000400f750       0xd8 common/built-in.o
 .text.env_callback_init
                0x000000000400f828      0x114 common/built-in.o
                0x000000000400f828                env_callback_init
 .text.__env_get_char_spec
                0x000000000400f93c        0xc common/built-in.o
                0x000000000400f93c                env_get_char_spec
 .text.env_get_addr
                0x000000000400f948       0x20 common/built-in.o
                0x000000000400f948                env_get_addr
 .text.env_get_char_memory
                0x000000000400f968       0x10 common/built-in.o
                0x000000000400f968                env_get_char_memory
 .text.env_get_char
                0x000000000400f978       0x30 common/built-in.o
                0x000000000400f978                env_get_char
 .text.getenv_yesno
                0x000000000400f9a8       0x50 common/built-in.o
                0x000000000400f9a8                getenv_yesno
 .text.getenv_default
                0x000000000400f9f8       0x30 common/built-in.o
                0x000000000400f9f8                getenv_default
 .text.set_default_env
                0x000000000400fa28       0xb8 common/built-in.o
                0x000000000400fa28                set_default_env
 .text.set_default_vars
                0x000000000400fae0       0x34 common/built-in.o
                0x000000000400fae0                set_default_vars
 .text.env_import
                0x000000000400fb14       0xdc common/built-in.o
                0x000000000400fb14                env_import
 .text.env_relocate
                0x000000000400fbf0       0x30 common/built-in.o
                0x000000000400fbf0                env_relocate
 .text.env_complete
                0x000000000400fc20       0xd4 common/built-in.o
                0x000000000400fc20                env_complete
 .text.skip_num
                0x000000000400fcf4       0x80 common/built-in.o
 .text.clear_flags
                0x000000000400fd74       0x10 common/built-in.o
 .text.on_flags
                0x000000000400fd84       0x48 common/built-in.o
 .text.env_flags_parse_vartype
                0x000000000400fdcc       0x50 common/built-in.o
                0x000000000400fdcc                env_flags_parse_vartype
 .text.env_flags_parse_varaccess
                0x000000000400fe1c       0x58 common/built-in.o
                0x000000000400fe1c                env_flags_parse_varaccess
 .text.set_flags
                0x000000000400fe74       0xac common/built-in.o
 .text.env_flags_init
                0x000000000400ff20       0xd4 common/built-in.o
                0x000000000400ff20                env_flags_init
 .text.env_flags_validate
                0x000000000400fff4      0x310 common/built-in.o
                0x000000000400fff4                env_flags_validate
 .text.saveenv  0x0000000004010304      0x170 common/built-in.o
                0x0000000004010304                saveenv
 .text.env_relocate_spec
                0x0000000004010474       0xa8 common/built-in.o
                0x0000000004010474                env_relocate_spec
 .text.env_init
                0x000000000401051c       0x1c common/built-in.o
                0x000000000401051c                env_init
 .text.dummy    0x0000000004010538        0x4 common/built-in.o
 .text.get_version
                0x000000000401053c        0x8 common/built-in.o
                0x000000000401053c                get_version
 .text.jumptable_init
                0x0000000004010544      0x1d0 common/built-in.o
                0x0000000004010544                jumptable_init
 .text.write_cell
                0x0000000004010714       0x4c common/built-in.o
 .text.get_cells_len
                0x0000000004010760       0x3c common/built-in.o
 .text.fdt_find_and_setprop
                0x000000000401079c       0x70 common/built-in.o
                0x000000000401079c                fdt_find_and_setprop
 .text.fdt_initrd
                0x000000000401080c      0x1e0 common/built-in.o
                0x000000000401080c                fdt_initrd
 .text.fdt_chosen
                0x00000000040109ec      0x108 common/built-in.o
                0x00000000040109ec                fdt_chosen
 .text.do_fixup_by_path
                0x0000000004010af4       0x54 common/built-in.o
                0x0000000004010af4                do_fixup_by_path
 .text.fdt_fixup_memory_banks
                0x0000000004010b48      0x1a8 common/built-in.o
                0x0000000004010b48                fdt_fixup_memory_banks
 .text.fdt_fixup_memory
                0x0000000004010cf0       0x20 common/built-in.o
                0x0000000004010cf0                fdt_fixup_memory
 .text.fdt_fixup_ethernet
                0x0000000004010d10      0x12c common/built-in.o
                0x0000000004010d10                fdt_fixup_ethernet
 .text.fdt_resize
                0x0000000004010e3c       0xd0 common/built-in.o
                0x0000000004010e3c                fdt_resize
 .text.hash_command
                0x0000000004010f0c       0xa0 common/built-in.o
                0x0000000004010f0c                hash_command
 .text.b_reset  0x0000000004010fac       0x1c common/built-in.o
 .text.static_get
                0x0000000004010fc8       0x1c common/built-in.o
 .text.static_peek
                0x0000000004010fe4        0xc common/built-in.o
 .text.file_peek
                0x0000000004010ff0        0xc common/built-in.o
 .text.mapset   0x0000000004010ffc       0x24 common/built-in.o
 .text.syntax_err
                0x0000000004011020        0xc common/built-in.o
 .text.do_showvar
                0x000000000401102c       0xf4 common/built-in.o
 .text.xmalloc  0x0000000004011120       0x20 common/built-in.o
 .text.new_pipe
                0x0000000004011140       0x28 common/built-in.o
 .text.free_pipe_list
                0x0000000004011168       0xf4 common/built-in.o
 .text.xrealloc
                0x000000000401125c       0x20 common/built-in.o
 .text.done_command
                0x000000000401127c       0x88 common/built-in.o
 .text.done_pipe
                0x0000000004011304       0x4c common/built-in.o
 .text.done_word
                0x0000000004011350      0x2b0 common/built-in.o
 .text.is_assignment
                0x0000000004011600       0x54 common/built-in.o
 .text.file_get
                0x0000000004011654      0x1d0 common/built-in.o
 .text.b_addchr
                0x0000000004011824       0x80 common/built-in.o
 .text.b_addqchr
                0x00000000040118a4       0x50 common/built-in.o
 .text.get_local_var
                0x00000000040118f4       0x98 common/built-in.o
                0x00000000040118f4                get_local_var
 .text.set_local_var
                0x000000000401198c      0x1c0 common/built-in.o
                0x000000000401198c                set_local_var
 .text.insert_var_value_sub
                0x0000000004011b4c      0x2b0 common/built-in.o
 .text.parse_string_outer
                0x0000000004011dfc       0xf0 common/built-in.o
                0x0000000004011dfc                parse_string_outer
 .text.run_list_real
                0x0000000004011eec      0x7a8 common/built-in.o
 .text.parse_stream_outer
                0x0000000004012694      0x6d0 common/built-in.o
 .text.parse_file_outer
                0x0000000004012d64       0x44 common/built-in.o
                0x0000000004012d64                parse_file_outer
 .text.u_boot_hush_start
                0x0000000004012da8       0x54 common/built-in.o
                0x0000000004012da8                u_boot_hush_start
 .text.fdt_error
                0x0000000004012dfc       0x2c common/built-in.o
 .text.boot_fdt_add_mem_rsv_regions
                0x0000000004012e28       0x88 common/built-in.o
                0x0000000004012e28                boot_fdt_add_mem_rsv_regions
 .text.boot_relocate_fdt
                0x0000000004012eb0      0x194 common/built-in.o
                0x0000000004012eb0                boot_relocate_fdt
 .text.boot_get_fdt
                0x0000000004013044      0x3a0 common/built-in.o
                0x0000000004013044                boot_get_fdt
 .text.ft_verify_fdt
                0x00000000040133e4        0x8 common/built-in.o
                0x00000000040133e4                ft_verify_fdt
 .text.image_setup_libfdt
                0x00000000040133ec       0xd4 common/built-in.o
                0x00000000040133ec                image_setup_libfdt
 .text.fit_parse_conf
                0x00000000040134c0       0x64 common/built-in.o
                0x00000000040134c0                fit_parse_conf
 .text.fit_parse_subimage
                0x0000000004013524       0x64 common/built-in.o
                0x0000000004013524                fit_parse_subimage
 .text.fit_get_desc
                0x0000000004013588       0x2c common/built-in.o
                0x0000000004013588                fit_get_desc
 .text.fit_image_get_node
                0x00000000040135b4       0x30 common/built-in.o
                0x00000000040135b4                fit_image_get_node
 .text.fit_image_get_os
                0x00000000040135e4       0x38 common/built-in.o
                0x00000000040135e4                fit_image_get_os
 .text.fit_image_get_arch
                0x000000000401361c       0x38 common/built-in.o
                0x000000000401361c                fit_image_get_arch
 .text.fit_image_get_type
                0x0000000004013654       0x38 common/built-in.o
                0x0000000004013654                fit_image_get_type
 .text.fit_image_get_comp
                0x000000000401368c       0x38 common/built-in.o
                0x000000000401368c                fit_image_get_comp
 .text.fit_image_get_load
                0x00000000040136c4       0x34 common/built-in.o
                0x00000000040136c4                fit_image_get_load
 .text.fit_image_get_entry
                0x00000000040136f8       0x34 common/built-in.o
                0x00000000040136f8                fit_image_get_entry
 .text.fit_image_get_data
                0x000000000401372c       0x3c common/built-in.o
                0x000000000401372c                fit_image_get_data
 .text.fit_image_hash_get_algo
                0x0000000004013768       0x2c common/built-in.o
                0x0000000004013768                fit_image_hash_get_algo
 .text.fit_image_hash_get_value
                0x0000000004013794       0x3c common/built-in.o
                0x0000000004013794                fit_image_hash_get_value
 .text.fit_image_print_data
                0x00000000040137d0      0x140 common/built-in.o
 .text.fit_image_print
                0x0000000004013910      0x32c common/built-in.o
                0x0000000004013910                fit_image_print
 .text.calculate_hash
                0x0000000004013c3c       0xd0 common/built-in.o
                0x0000000004013c3c                calculate_hash
 .text.fit_image_verify
                0x0000000004013d0c      0x21c common/built-in.o
                0x0000000004013d0c                fit_image_verify
 .text.fit_all_image_verify
                0x0000000004013f28       0xe0 common/built-in.o
                0x0000000004013f28                fit_all_image_verify
 .text.fit_image_check_os
                0x0000000004014008       0x34 common/built-in.o
                0x0000000004014008                fit_image_check_os
 .text.fit_image_check_arch
                0x000000000401403c       0x34 common/built-in.o
                0x000000000401403c                fit_image_check_arch
 .text.fit_image_check_type
                0x0000000004014070       0x34 common/built-in.o
                0x0000000004014070                fit_image_check_type
 .text.fit_image_check_comp
                0x00000000040140a4       0x34 common/built-in.o
                0x00000000040140a4                fit_image_check_comp
 .text.fit_check_format
                0x00000000040140d8       0x40 common/built-in.o
                0x00000000040140d8                fit_check_format
 .text.fit_conf_get_node
                0x0000000004014118       0x68 common/built-in.o
                0x0000000004014118                fit_conf_get_node
 .text.fit_conf_get_prop_node
                0x0000000004014180       0x28 common/built-in.o
                0x0000000004014180                fit_conf_get_prop_node
 .text.fit_conf_print
                0x00000000040141a8      0x104 common/built-in.o
                0x00000000040141a8                fit_conf_print
 .text.fit_print_contents
                0x00000000040142ac      0x1e8 common/built-in.o
                0x00000000040142ac                fit_print_contents
 .text.fit_image_select
                0x0000000004014494       0x6c common/built-in.o
                0x0000000004014494                fit_image_select
 .text.fit_get_node_from_config
                0x0000000004014500       0x44 common/built-in.o
                0x0000000004014500                fit_get_node_from_config
 .text.fit_image_load
                0x0000000004014544      0x488 common/built-in.o
                0x0000000004014544                fit_image_load
 .text.on_loadaddr
                0x00000000040149cc       0x38 common/built-in.o
 .text.image_check_hcrc
                0x0000000004014a04       0x4c common/built-in.o
                0x0000000004014a04                image_check_hcrc
 .text.image_check_dcrc
                0x0000000004014a50       0x38 common/built-in.o
                0x0000000004014a50                image_check_dcrc
 .text.image_multi_count
                0x0000000004014a88       0x20 common/built-in.o
                0x0000000004014a88                image_multi_count
 .text.image_multi_getimg
                0x0000000004014aa8       0x80 common/built-in.o
                0x0000000004014aa8                image_multi_getimg
 .text.getenv_bootm_low
                0x0000000004014b28       0x28 common/built-in.o
                0x0000000004014b28                getenv_bootm_low
 .text.getenv_bootm_size
                0x0000000004014b50       0x60 common/built-in.o
                0x0000000004014b50                getenv_bootm_size
 .text.getenv_bootm_mapsize
                0x0000000004014bb0       0x30 common/built-in.o
                0x0000000004014bb0                getenv_bootm_mapsize
 .text.memmove_wd
                0x0000000004014be0        0xc common/built-in.o
                0x0000000004014be0                memmove_wd
 .text.genimg_print_size
                0x0000000004014bec       0x30 common/built-in.o
                0x0000000004014bec                genimg_print_size
 .text.get_table_entry_name
                0x0000000004014c1c       0x2c common/built-in.o
                0x0000000004014c1c                get_table_entry_name
 .text.genimg_get_os_name
                0x0000000004014c48       0x18 common/built-in.o
                0x0000000004014c48                genimg_get_os_name
 .text.genimg_get_arch_name
                0x0000000004014c60       0x18 common/built-in.o
                0x0000000004014c60                genimg_get_arch_name
 .text.genimg_get_type_name
                0x0000000004014c78       0x18 common/built-in.o
                0x0000000004014c78                genimg_get_type_name
 .text.genimg_get_comp_name
                0x0000000004014c90       0x18 common/built-in.o
                0x0000000004014c90                genimg_get_comp_name
 .text.image_print_contents
                0x0000000004014ca8      0x170 common/built-in.o
                0x0000000004014ca8                image_print_contents
 .text.get_table_entry_id
                0x0000000004014e18       0x50 common/built-in.o
                0x0000000004014e18                get_table_entry_id
 .text.genimg_get_os_id
                0x0000000004014e68       0x18 common/built-in.o
                0x0000000004014e68                genimg_get_os_id
 .text.genimg_get_arch_id
                0x0000000004014e80       0x18 common/built-in.o
                0x0000000004014e80                genimg_get_arch_id
 .text.genimg_get_type_id
                0x0000000004014e98       0x18 common/built-in.o
                0x0000000004014e98                genimg_get_type_id
 .text.genimg_get_comp_id
                0x0000000004014eb0       0x18 common/built-in.o
                0x0000000004014eb0                genimg_get_comp_id
 .text.genimg_get_format
                0x0000000004014ec8       0x38 common/built-in.o
                0x0000000004014ec8                genimg_get_format
 .text.genimg_get_image
                0x0000000004014f00        0x4 common/built-in.o
                0x0000000004014f00                genimg_get_image
 .text.genimg_has_config
                0x0000000004014f04       0x10 common/built-in.o
                0x0000000004014f04                genimg_has_config
 .text.boot_get_ramdisk
                0x0000000004014f14      0x354 common/built-in.o
                0x0000000004014f14                boot_get_ramdisk
 .text.boot_ramdisk_high
                0x0000000004015268      0x140 common/built-in.o
                0x0000000004015268                boot_ramdisk_high
 .text.image_setup_linux
                0x00000000040153a8       0x88 common/built-in.o
                0x00000000040153a8                image_setup_linux
 .text.delete_char.part.0
                0x0000000004015430       0xd4 common/built-in.o
 .text.cread_add_char
                0x0000000004015504       0xec common/built-in.o
 .text.__show_boot_progress
                0x00000000040155f0        0x4 common/built-in.o
                0x00000000040155f0                __show_boot_progress
                0x00000000040155f0                show_boot_progress
 .text.readline_into_buffer
                0x00000000040155f4      0x9cc common/built-in.o
                0x00000000040155f4                readline_into_buffer
 .text.readline
                0x0000000004015fc0       0x14 common/built-in.o
                0x0000000004015fc0                readline
 .text.run_command
                0x0000000004015fd4        0x8 common/built-in.o
                0x0000000004015fd4                run_command
 .text.run_command_list
                0x0000000004015fdc       0x5c common/built-in.o
                0x0000000004015fdc                run_command_list
 .text.main_loop
                0x0000000004016038      0x110 common/built-in.o
                0x0000000004016038                main_loop
 .text.do_run   0x0000000004016148       0x74 common/built-in.o
                0x0000000004016148                do_run
 .text.legacy_miiphy_read
                0x00000000040161bc       0x30 common/built-in.o
 .text.legacy_miiphy_write
                0x00000000040161ec       0x24 common/built-in.o
 .text.miiphy_get_dev_by_name
                0x0000000004016210       0x5c common/built-in.o
                0x0000000004016210                miiphy_get_dev_by_name
 .text.miiphy_init
                0x000000000401626c       0x24 common/built-in.o
                0x000000000401626c                miiphy_init
 .text.mdio_alloc
                0x0000000004016290       0x30 common/built-in.o
                0x0000000004016290                mdio_alloc
 .text.miiphy_register
                0x00000000040162c0      0x108 common/built-in.o
                0x00000000040162c0                miiphy_register
 .text.mdio_list_devices
                0x00000000040163c8       0x9c common/built-in.o
                0x00000000040163c8                mdio_list_devices
 .text.miiphy_set_current_dev
                0x0000000004016464       0x40 common/built-in.o
                0x0000000004016464                miiphy_set_current_dev
 .text.miiphy_get_active_dev
                0x00000000040164a4       0x54 common/built-in.o
 .text.mdio_get_current_dev
                0x00000000040164f8       0x10 common/built-in.o
                0x00000000040164f8                mdio_get_current_dev
 .text.mdio_phydev_for_ethname
                0x0000000004016508       0x8c common/built-in.o
                0x0000000004016508                mdio_phydev_for_ethname
 .text.miiphy_get_current_dev
                0x0000000004016594       0x18 common/built-in.o
                0x0000000004016594                miiphy_get_current_dev
 .text.miiphy_read
                0x00000000040165ac       0x4c common/built-in.o
                0x00000000040165ac                miiphy_read
 .text.miiphy_write
                0x00000000040165f8       0x40 common/built-in.o
                0x00000000040165f8                miiphy_write
 .text.miiphy_listdev
                0x0000000004016638       0x74 common/built-in.o
                0x0000000004016638                miiphy_listdev
 .text.miiphy_info
                0x00000000040166ac       0x84 common/built-in.o
                0x00000000040166ac                miiphy_info
 .text.miiphy_speed
                0x0000000004016730       0x90 common/built-in.o
                0x0000000004016730                miiphy_speed
 .text.miiphy_duplex
                0x00000000040167c0       0x90 common/built-in.o
                0x00000000040167c0                miiphy_duplex
 .text.miiphy_is_1000base_x
                0x0000000004016850        0x8 common/built-in.o
                0x0000000004016850                miiphy_is_1000base_x
 .text.hex1_bin
                0x0000000004016858       0x40 common/built-in.o
 .text.hex2_bin
                0x0000000004016898       0x38 common/built-in.o
 .text.srec_decode
                0x00000000040168d0      0x25c common/built-in.o
                0x00000000040168d0                srec_decode
 .text.stdio_get_list
                0x0000000004016b2c        0xc common/built-in.o
                0x0000000004016b2c                stdio_get_list
 .text.stdio_get_by_name
                0x0000000004016b38       0x50 common/built-in.o
                0x0000000004016b38                stdio_get_by_name
 .text.stdio_clone
                0x0000000004016b88       0x3c common/built-in.o
                0x0000000004016b88                stdio_clone
 .text.stdio_register
                0x0000000004016bc4       0x44 common/built-in.o
                0x0000000004016bc4                stdio_register
 .text.stdio_init
                0x0000000004016c08       0x90 common/built-in.o
                0x0000000004016c08                stdio_init
 .text.usb_set_maxpacket_ep
                0x0000000004016c98       0x68 common/built-in.o
 .text.usb_stop
                0x0000000004016d00       0x78 common/built-in.o
                0x0000000004016d00                usb_stop
 .text.usb_disable_asynch
                0x0000000004016d78       0x20 common/built-in.o
                0x0000000004016d78                usb_disable_asynch
 .text.usb_control_msg
                0x0000000004016d98       0xc0 common/built-in.o
                0x0000000004016d98                usb_control_msg
 .text.usb_get_descriptor
                0x0000000004016e58       0x50 common/built-in.o
 .text.usb_get_string
                0x0000000004016ea8       0x6c common/built-in.o
 .text.usb_string_sub
                0x0000000004016f14      0x10c common/built-in.o
 .text.usb_bulk_msg
                0x0000000004017020       0x74 common/built-in.o
                0x0000000004017020                usb_bulk_msg
 .text.usb_maxpacket
                0x0000000004017094       0x1c common/built-in.o
                0x0000000004017094                usb_maxpacket
 .text.usb_clear_halt
                0x00000000040170b0       0xa0 common/built-in.o
                0x00000000040170b0                usb_clear_halt
 .text.usb_get_configuration_no
                0x0000000004017150       0xb8 common/built-in.o
                0x0000000004017150                usb_get_configuration_no
 .text.usb_set_interface
                0x0000000004017208       0xb8 common/built-in.o
                0x0000000004017208                usb_set_interface
 .text.usb_string
                0x00000000040172c0      0x108 common/built-in.o
                0x00000000040172c0                usb_string
 .text.usb_get_dev_index
                0x00000000040173c8       0x24 common/built-in.o
                0x00000000040173c8                usb_get_dev_index
 .text.usb_alloc_new_device
                0x00000000040173ec       0x84 common/built-in.o
                0x00000000040173ec                usb_alloc_new_device
 .text.usb_free_device
                0x0000000004017470       0x48 common/built-in.o
                0x0000000004017470                usb_free_device
 .text.usb_alloc_device
                0x00000000040174b8        0x8 common/built-in.o
                0x00000000040174b8                usb_alloc_device
 .text.usb_new_device
                0x00000000040174c0      0x600 common/built-in.o
                0x00000000040174c0                usb_new_device
 .text.usb_init
                0x0000000004017ac0      0x13c common/built-in.o
                0x0000000004017ac0                usb_init
 .text.usb_get_hub_descriptor
                0x0000000004017bfc       0x50 common/built-in.o
 .text.usb_get_port_status
                0x0000000004017c4c       0x4c common/built-in.o
 .text.usb_set_port_feature
                0x0000000004017c98       0x4c common/built-in.o
 .text.usb_clear_port_feature
                0x0000000004017ce4       0x4c common/built-in.o
 .text.usb_hub_power_on
                0x0000000004017d30       0xb4 common/built-in.o
 .text.usb_hub_reset_devices
                0x0000000004017de4        0x4 common/built-in.o
                0x0000000004017de4                usb_hub_reset_devices
 .text.usb_hub_reset
                0x0000000004017de8       0x14 common/built-in.o
                0x0000000004017de8                usb_hub_reset
 .text.hub_port_reset
                0x0000000004017dfc       0xac common/built-in.o
                0x0000000004017dfc                hub_port_reset
 .text.usb_hub_port_connect_change
                0x0000000004017ea8      0x130 common/built-in.o
                0x0000000004017ea8                usb_hub_port_connect_change
 .text.usb_hub_configure
                0x0000000004017fd8      0x2e4 common/built-in.o
 .text.usb_hub_probe
                0x00000000040182bc       0x58 common/built-in.o
                0x00000000040182bc                usb_hub_probe
 .text.usb_stor_irq
                0x0000000004018314       0x1c common/built-in.o
 .text.usb_request_sense
                0x0000000004018330       0x68 common/built-in.o
 .text.usb_stor_BBB_clear_endpt_stall
                0x0000000004018398       0x44 common/built-in.o
 .text.usb_stor_BBB_reset
                0x00000000040183dc       0xd4 common/built-in.o
 .text.usb_stor_CB_reset
                0x00000000040184b0       0xcc common/built-in.o
 .text.usb_stor_BBB_transport
                0x000000000401857c      0x264 common/built-in.o
 .text.usb_stor_CB_comdat
                0x00000000040187e0      0x1fc common/built-in.o
 .text.usb_stor_CBI_get_status.isra.0
                0x00000000040189dc       0xc8 common/built-in.o
 .text.usb_stor_CB_transport
                0x0000000004018aa4      0x224 common/built-in.o
 .text.usb_stor_read
                0x0000000004018cc8      0x1b8 common/built-in.o
                0x0000000004018cc8                usb_stor_read
 .text.usb_stor_write
                0x0000000004018e80      0x1b8 common/built-in.o
                0x0000000004018e80                usb_stor_write
 .text.usb_stor_get_dev
                0x0000000004019038       0x28 common/built-in.o
                0x0000000004019038                usb_stor_get_dev
 .text.usb_stor_info
                0x0000000004019060       0x78 common/built-in.o
                0x0000000004019060                usb_stor_info
 .text.usb_storage_probe
                0x00000000040190d8      0x20c common/built-in.o
                0x00000000040190d8                usb_storage_probe
 .text.usb_stor_get_info
                0x00000000040192e4      0x338 common/built-in.o
                0x00000000040192e4                usb_stor_get_info
 .text.usb_stor_scan
                0x000000000401961c      0x1fc common/built-in.o
                0x000000000401961c                usb_stor_scan
 .text.CYGACC_COMM_IF_GETC_TIMEOUT.isra.1
                0x0000000004019818       0x4c common/built-in.o
 .text.xyzModem_flush
                0x0000000004019864       0x18 common/built-in.o
 .text.xyzModem_get_hdr
                0x000000000401987c      0x250 common/built-in.o
 .text.xyzModem_stream_open
                0x0000000004019acc      0x254 common/built-in.o
                0x0000000004019acc                xyzModem_stream_open
 .text.xyzModem_stream_read
                0x0000000004019d20      0x254 common/built-in.o
                0x0000000004019d20                xyzModem_stream_read
 .text.xyzModem_stream_close
                0x0000000004019f74       0x50 common/built-in.o
                0x0000000004019f74                xyzModem_stream_close
 .text.xyzModem_stream_terminate
                0x0000000004019fc4       0x94 common/built-in.o
                0x0000000004019fc4                xyzModem_stream_terminate
 .text.xyzModem_error
                0x000000000401a058       0x20 common/built-in.o
                0x000000000401a058                xyzModem_error
 .text.get_dev  0x000000000401a078       0x64 disk/built-in.o
                0x000000000401a078                get_dev
 .text.dev_print
                0x000000000401a0dc      0x21c disk/built-in.o
                0x000000000401a0dc                dev_print
 .text.init_part
                0x000000000401a2f8       0x20 disk/built-in.o
                0x000000000401a2f8                init_part
 .text.print_part
                0x000000000401a318       0xf8 disk/built-in.o
                0x000000000401a318                print_part
 .text.get_partition_info
                0x000000000401a410       0x2c disk/built-in.o
                0x000000000401a410                get_partition_info
 .text.get_device
                0x000000000401a43c       0x80 disk/built-in.o
                0x000000000401a43c                get_device
 .text.get_device_and_partition
                0x000000000401a4bc      0x45c disk/built-in.o
                0x000000000401a4bc                get_device_and_partition
 .text.test_block_type
                0x000000000401a918       0x7c disk/built-in.o
 .text.print_partition_extended
                0x000000000401a994      0x268 disk/built-in.o
 .text.get_partition_info_extended.constprop.2
                0x000000000401abfc      0x2a8 disk/built-in.o
 .text.test_part_dos
                0x000000000401aea4       0x64 disk/built-in.o
                0x000000000401aea4                test_part_dos
 .text.print_part_dos
                0x000000000401af08       0x30 disk/built-in.o
                0x000000000401af08                print_part_dos
 .text.get_partition_info_dos
                0x000000000401af38       0x1c disk/built-in.o
                0x000000000401af38                get_partition_info_dos
 .text.fpga_no_sup
                0x000000000401af54       0x4c drivers/built-in.o
 .text.fpga_get_desc
                0x000000000401afa0       0x34 drivers/built-in.o
                0x000000000401afa0                fpga_get_desc
 .text.fpga_dev_info
                0x000000000401afd4       0xa0 drivers/built-in.o
 .text.fpga_validate
                0x000000000401b074       0x54 drivers/built-in.o
                0x000000000401b074                fpga_validate
 .text.fpga_init
                0x000000000401b0c8       0x20 drivers/built-in.o
                0x000000000401b0c8                fpga_init
 .text.fpga_count
                0x000000000401b0e8       0x10 drivers/built-in.o
                0x000000000401b0e8                fpga_count
 .text.fpga_add
                0x000000000401b0f8       0xa0 drivers/built-in.o
                0x000000000401b0f8                fpga_add
 .text.fpga_loadbitstream
                0x000000000401b198      0x284 drivers/built-in.o
                0x000000000401b1b0                fpga_loadbitstream
 .text.fpga_fsload
                0x000000000401b41c       0x60 drivers/built-in.o
                0x000000000401b41c                fpga_fsload
 .text.fpga_load
                0x000000000401b47c       0x94 drivers/built-in.o
                0x000000000401b47c                fpga_load
 .text.fpga_dump
                0x000000000401b510       0x8c drivers/built-in.o
                0x000000000401b510                fpga_dump
 .text.fpga_info
                0x000000000401b59c       0x78 drivers/built-in.o
                0x000000000401b59c                fpga_info
 .text.xilinx_validate
                0x000000000401b614       0x78 drivers/built-in.o
 .text.xilinx_fsload
                0x000000000401b68c       0x78 drivers/built-in.o
                0x000000000401b68c                xilinx_fsload
 .text.xilinx_load
                0x000000000401b704       0xb4 drivers/built-in.o
                0x000000000401b704                xilinx_load
 .text.xilinx_dump
                0x000000000401b7b8       0xac drivers/built-in.o
                0x000000000401b7b8                xilinx_dump
 .text.xilinx_info
                0x000000000401b864      0x20c drivers/built-in.o
                0x000000000401b864                xilinx_info
 .text.zynq_dma_transfer.constprop.4
                0x000000000401ba70       0x98 drivers/built-in.o
 .text.load_word
                0x000000000401bb08       0x48 drivers/built-in.o
 .text.zynq_align_dma_buffer
                0x000000000401bb50       0xc8 drivers/built-in.o
 .text.zynq_validate_bitstream.isra.3
                0x000000000401bc18      0x258 drivers/built-in.o
 .text.zynq_info
                0x000000000401be70        0x8 drivers/built-in.o
                0x000000000401be70                zynq_info
 .text.zynq_fsload
                0x000000000401be78      0x194 drivers/built-in.o
                0x000000000401be78                zynq_fsload
 .text.zynq_load
                0x000000000401c00c       0xd0 drivers/built-in.o
                0x000000000401c00c                zynq_load
 .text.zynq_dump
                0x000000000401c0dc        0x8 drivers/built-in.o
                0x000000000401c0dc                zynq_dump
 .text.i2c_get_adapter
                0x000000000401c0e4       0x64 drivers/i2c/built-in.o
                0x000000000401c0e4                i2c_get_adapter
 .text.i2c_init_bus
                0x000000000401c148       0x90 drivers/i2c/built-in.o
 .text.i2c_get_bus_num
                0x000000000401c1d8        0x8 drivers/i2c/built-in.o
                0x000000000401c1d8                i2c_get_bus_num
 .text.i2c_set_bus_num
                0x000000000401c1e0       0xbc drivers/i2c/built-in.o
                0x000000000401c1e0                i2c_set_bus_num
 .text.i2c_init_all
                0x000000000401c29c       0x14 drivers/i2c/built-in.o
                0x000000000401c29c                i2c_init_all
 .text.i2c_probe
                0x000000000401c2b0       0x28 drivers/i2c/built-in.o
                0x000000000401c2b0                i2c_probe
 .text.i2c_read
                0x000000000401c2d8       0x48 drivers/i2c/built-in.o
                0x000000000401c2d8                i2c_read
 .text.i2c_write
                0x000000000401c320       0x48 drivers/i2c/built-in.o
                0x000000000401c320                i2c_write
 .text.i2c_set_bus_speed
                0x000000000401c368       0x64 drivers/i2c/built-in.o
                0x000000000401c368                i2c_set_bus_speed
 .text.i2c_get_bus_speed
                0x000000000401c3cc       0x14 drivers/i2c/built-in.o
                0x000000000401c3cc                i2c_get_bus_speed
 .text.__i2c_init
                0x000000000401c3e0       0x14 drivers/i2c/built-in.o
                0x000000000401c3e0                __i2c_init
                0x000000000401c3e0                i2c_init
 .text.zynq_i2c_init
                0x000000000401c3f4       0x34 drivers/i2c/built-in.o
 .text.zynq_i2c_set_bus_speed
                0x000000000401c428       0x18 drivers/i2c/built-in.o
 .text.zynq_i2c_wait
                0x000000000401c440       0x38 drivers/i2c/built-in.o
 .text.zynq_i2c_write
                0x000000000401c478      0x100 drivers/i2c/built-in.o
 .text.zynq_i2c_read
                0x000000000401c578      0x134 drivers/i2c/built-in.o
 .text.zynq_i2c_probe
                0x000000000401c6ac       0x68 drivers/i2c/built-in.o
 .text.mmc_set_ios
                0x000000000401c714       0x10 drivers/mmc/built-in.o
 .text.mmc_set_capacity
                0x000000000401c724       0xa4 drivers/mmc/built-in.o
 .text.board_mmc_getwp
                0x000000000401c7c8        0x8 drivers/mmc/built-in.o
                0x000000000401c7c8                board_mmc_getwp
 .text.mmc_getwp
                0x000000000401c7d0       0x34 drivers/mmc/built-in.o
                0x000000000401c7d0                mmc_getwp
 .text.__board_mmc_getcd
                0x000000000401c804        0x8 drivers/mmc/built-in.o
                0x000000000401c804                __board_mmc_getcd
                0x000000000401c804                board_mmc_getcd
 .text.mmc_send_cmd
                0x000000000401c80c       0x10 drivers/mmc/built-in.o
                0x000000000401c80c                mmc_send_cmd
 .text.mmc_send_ext_csd
                0x000000000401c81c       0x4c drivers/mmc/built-in.o
 .text.mmc_go_idle
                0x000000000401c868       0x4c drivers/mmc/built-in.o
 .text.mmc_send_op_cond_iter
                0x000000000401c8b4       0x7c drivers/mmc/built-in.o
 .text.mmc_send_status
                0x000000000401c930       0xc4 drivers/mmc/built-in.o
                0x000000000401c930                mmc_send_status
 .text.mmc_switch.isra.1
                0x000000000401c9f4       0x54 drivers/mmc/built-in.o
 .text.mmc_set_blocklen
                0x000000000401ca48       0x30 drivers/mmc/built-in.o
                0x000000000401ca48                mmc_set_blocklen
 .text.find_mmc_device
                0x000000000401ca78       0x44 drivers/mmc/built-in.o
                0x000000000401ca78                find_mmc_device
 .text.mmc_bread
                0x000000000401cabc      0x144 drivers/mmc/built-in.o
 .text.mmc_send_op_cond
                0x000000000401cc00       0x6c drivers/mmc/built-in.o
                0x000000000401cc00                mmc_send_op_cond
 .text.mmc_complete_op_cond
                0x000000000401cc6c       0x88 drivers/mmc/built-in.o
                0x000000000401cc6c                mmc_complete_op_cond
 .text.mmc_switch_part
                0x000000000401ccf4       0x4c drivers/mmc/built-in.o
                0x000000000401ccf4                mmc_switch_part
 .text.mmc_getcd
                0x000000000401cd40       0x34 drivers/mmc/built-in.o
                0x000000000401cd40                mmc_getcd
 .text.mmc_set_clock
                0x000000000401cd74       0x20 drivers/mmc/built-in.o
                0x000000000401cd74                mmc_set_clock
 .text.mmc_startup
                0x000000000401cd94      0xb48 drivers/mmc/built-in.o
 .text.mmc_register
                0x000000000401d8dc       0x98 drivers/mmc/built-in.o
                0x000000000401d8dc                mmc_register
 .text.mmc_start_init
                0x000000000401d974      0x204 drivers/mmc/built-in.o
                0x000000000401d974                mmc_start_init
 .text.mmc_init
                0x000000000401db78       0x98 drivers/mmc/built-in.o
                0x000000000401db78                mmc_init
 .text.mmc_get_dev
                0x000000000401dc10       0x2c drivers/mmc/built-in.o
                0x000000000401dc10                mmc_get_dev
 .text.mmc_set_dsr
                0x000000000401dc3c        0xc drivers/mmc/built-in.o
                0x000000000401dc3c                mmc_set_dsr
 .text.__def_mmc_init
                0x000000000401dc48        0x8 drivers/mmc/built-in.o
                0x000000000401dc48                cpu_mmc_init
 .text.print_mmc_devices
                0x000000000401dc50       0x64 drivers/mmc/built-in.o
                0x000000000401dc50                print_mmc_devices
 .text.get_mmc_num
                0x000000000401dcb4       0x10 drivers/mmc/built-in.o
                0x000000000401dcb4                get_mmc_num
 .text.mmc_initialize
                0x000000000401dcc4       0x78 drivers/mmc/built-in.o
                0x000000000401dcc4                mmc_initialize
 .text.mmc_berase
                0x000000000401dd3c      0x198 drivers/mmc/built-in.o
                0x000000000401dd3c                mmc_berase
 .text.mmc_bwrite
                0x000000000401ded4      0x160 drivers/mmc/built-in.o
                0x000000000401ded4                mmc_bwrite
 .text.sdhci_set_ios
                0x000000000401e034      0x1d4 drivers/mmc/built-in.o
                0x000000000401e034                sdhci_set_ios
 .text.sdhci_init
                0x000000000401e208      0x198 drivers/mmc/built-in.o
                0x000000000401e208                sdhci_init
 .text.sdhci_reset
                0x000000000401e3a0       0x60 drivers/mmc/built-in.o
 .text.sdhci_send_command
                0x000000000401e400      0x3dc drivers/mmc/built-in.o
                0x000000000401e400                sdhci_send_command
 .text.add_sdhci
                0x000000000401e7dc      0x198 drivers/mmc/built-in.o
                0x000000000401e7dc                add_sdhci
 .text.zynq_sdhci_init
                0x000000000401e974       0x70 drivers/mmc/built-in.o
                0x000000000401e974                zynq_sdhci_init
 .text.spi_flash_read_write
                0x000000000401e9e4       0x84 drivers/mtd/spi/built-in.o
 .text.spi_flash_cmd_read
                0x000000000401ea68       0x1c drivers/mtd/spi/built-in.o
                0x000000000401ea68                spi_flash_cmd_read
 .text.spi_flash_cmd
                0x000000000401ea84       0x2c drivers/mtd/spi/built-in.o
                0x000000000401ea84                spi_flash_cmd
 .text.spi_flash_cmd_write
                0x000000000401eab0       0x1c drivers/mtd/spi/built-in.o
                0x000000000401eab0                spi_flash_cmd_write
 .text.spi_flash_dual_flash
                0x000000000401eacc       0x64 drivers/mtd/spi/built-in.o
 .text.spi_flash_cmd_wait_ready
                0x000000000401eb30       0xec drivers/mtd/spi/built-in.o
                0x000000000401eb30                spi_flash_cmd_wait_ready
 .text.spi_flash_write_common
                0x000000000401ec1c       0x98 drivers/mtd/spi/built-in.o
                0x000000000401ec1c                spi_flash_write_common
 .text.spi_flash_bank
                0x000000000401ecb4       0x64 drivers/mtd/spi/built-in.o
 .text.spi_flash_cmd_erase_ops
                0x000000000401ed18       0xd8 drivers/mtd/spi/built-in.o
                0x000000000401ed18                spi_flash_cmd_erase_ops
 .text.spi_flash_cmd_write_ops
                0x000000000401edf0       0xe4 drivers/mtd/spi/built-in.o
                0x000000000401edf0                spi_flash_cmd_write_ops
 .text.spi_flash_read_common
                0x000000000401eed4       0x58 drivers/mtd/spi/built-in.o
                0x000000000401eed4                spi_flash_read_common
 .text.spi_flash_cmd_read_config
                0x000000000401ef2c       0x2c drivers/mtd/spi/built-in.o
                0x000000000401ef2c                spi_flash_cmd_read_config
 .text.spi_flash_cmd_read_status
                0x000000000401ef58       0x2c drivers/mtd/spi/built-in.o
                0x000000000401ef58                spi_flash_cmd_read_status
 .text.spi_flash_cmd_write_config
                0x000000000401ef84       0x4c drivers/mtd/spi/built-in.o
                0x000000000401ef84                spi_flash_cmd_write_config
 .text.spi_flash_cmd_read_ops
                0x000000000401efd0      0x170 drivers/mtd/spi/built-in.o
                0x000000000401efd0                spi_flash_cmd_read_ops
 .text.spi_flash_set_qeb
                0x000000000401f140       0x6c drivers/mtd/spi/built-in.o
 .text.spi_flash_probe
                0x000000000401f1ac      0x3f4 drivers/mtd/spi/built-in.o
                0x000000000401f1ac                spi_flash_probe
 .text.spi_flash_free
                0x000000000401f5a0       0x1c drivers/mtd/spi/built-in.o
                0x000000000401f5a0                spi_flash_free
 .text.zynq_gem_setup_mac
                0x000000000401f5bc       0x70 drivers/net/built-in.o
 .text.zynq_gem_halt
                0x000000000401f62c       0x14 drivers/net/built-in.o
 .text.phy_setup_op
                0x000000000401f640       0xa8 drivers/net/built-in.o
 .text.zynq_gem_miiphy_write
                0x000000000401f6e8       0x2c drivers/net/built-in.o
 .text.zynq_gem_recv
                0x000000000401f714       0xd8 drivers/net/built-in.o
 .text.zynq_gem_send
                0x000000000401f7ec       0xac drivers/net/built-in.o
 .text.zynq_gem_init
                0x000000000401f898      0x28c drivers/net/built-in.o
 .text.zynq_gem_miiphyread
                0x000000000401fb24       0x20 drivers/net/built-in.o
 .text.zynq_gem_initialize
                0x000000000401fb44      0x128 drivers/net/built-in.o
                0x000000000401fb44                zynq_gem_initialize
 .text.m88e1011s_config
                0x000000000401fc6c       0xf4 drivers/net/phy/built-in.o
 .text.m88e1121_config
                0x000000000401fd60       0xc8 drivers/net/phy/built-in.o
 .text.m88e1111s_config
                0x000000000401fe28      0x32c drivers/net/phy/built-in.o
 .text.m88e1118_config
                0x0000000004020154       0xc0 drivers/net/phy/built-in.o
 .text.m88e1145_config
                0x0000000004020214      0x108 drivers/net/phy/built-in.o
 .text.m88e1149_config
                0x000000000402031c       0xc0 drivers/net/phy/built-in.o
 .text.m88e1310_config
                0x00000000040203dc      0x164 drivers/net/phy/built-in.o
 .text.m88e1xxx_parse_status
                0x0000000004020540      0x114 drivers/net/phy/built-in.o
 .text.m88e1118_startup
                0x0000000004020654       0x40 drivers/net/phy/built-in.o
 .text.m88e1145_startup
                0x0000000004020694       0x3c drivers/net/phy/built-in.o
 .text.m88e1011s_startup
                0x00000000040206d0       0x1c drivers/net/phy/built-in.o
 .text.phy_marvell_init
                0x00000000040206ec       0x78 drivers/net/phy/built-in.o
                0x00000000040206ec                phy_marvell_init
 .text.genphy_shutdown
                0x0000000004020764        0x8 drivers/net/phy/built-in.o
                0x0000000004020764                genphy_shutdown
 .text.generic_ffs.part.0
                0x000000000402076c       0x48 drivers/net/phy/built-in.o
 .text.phy_device_create
                0x00000000040207b4       0xe4 drivers/net/phy/built-in.o
 .text.get_phy_device_by_mask
                0x0000000004020898      0x17c drivers/net/phy/built-in.o
 .text.genphy_restart_aneg
                0x0000000004020a14       0x54 drivers/net/phy/built-in.o
                0x0000000004020a14                genphy_restart_aneg
 .text.genphy_config_aneg
                0x0000000004020a68      0x1e4 drivers/net/phy/built-in.o
                0x0000000004020a68                genphy_config_aneg
 .text.genphy_config
                0x0000000004020c4c       0xb4 drivers/net/phy/built-in.o
                0x0000000004020c4c                genphy_config
 .text.genphy_update_link
                0x0000000004020d00      0x13c drivers/net/phy/built-in.o
                0x0000000004020d00                genphy_update_link
 .text.genphy_parse_link
                0x0000000004020e3c      0x198 drivers/net/phy/built-in.o
                0x0000000004020e3c                genphy_parse_link
 .text.genphy_startup
                0x0000000004020fd4       0x1c drivers/net/phy/built-in.o
                0x0000000004020fd4                genphy_startup
 .text.phy_init
                0x0000000004020ff0       0x10 drivers/net/phy/built-in.o
                0x0000000004020ff0                phy_init
 .text.phy_register
                0x0000000004021000       0x28 drivers/net/phy/built-in.o
                0x0000000004021000                phy_register
 .text.phy_reset
                0x0000000004021028       0xa8 drivers/net/phy/built-in.o
                0x0000000004021028                phy_reset
 .text.phy_find_by_mask
                0x00000000040210d0       0x3c drivers/net/phy/built-in.o
                0x00000000040210d0                phy_find_by_mask
 .text.phy_connect_dev
                0x000000000402110c       0x40 drivers/net/phy/built-in.o
                0x000000000402110c                phy_connect_dev
 .text.phy_connect
                0x000000000402114c       0x50 drivers/net/phy/built-in.o
                0x000000000402114c                phy_connect
 .text.phy_startup
                0x000000000402119c       0x24 drivers/net/phy/built-in.o
                0x000000000402119c                phy_startup
 .text.__board_phy_config
                0x00000000040211c0       0x24 drivers/net/phy/built-in.o
                0x00000000040211c0                board_phy_config
 .text.phy_config
                0x00000000040211e4       0x10 drivers/net/phy/built-in.o
                0x00000000040211e4                phy_config
 .text.get_current
                0x00000000040211f4       0x3c drivers/serial/built-in.o
 .text.serial_null
                0x0000000004021230        0x4 drivers/serial/built-in.o
                0x0000000004021230                jz_serial_initialize
                0x0000000004021230                bfin_serial_initialize
                0x0000000004021230                p3mx_serial_initialize
                0x0000000004021230                leon2_serial_initialize
                0x0000000004021230                leon3_serial_initialize
                0x0000000004021230                amirix_serial_initialize
                0x0000000004021230                marvell_serial_initialize
                0x0000000004021230                cpci750_serial_initialize
                0x0000000004021230                ns16550_serial_initialize
                0x0000000004021230                asc_serial_initialize
                0x0000000004021230                altera_serial_initialize
                0x0000000004021230                oc_serial_initialize
                0x0000000004021230                sh_serial_initialize
                0x0000000004021230                mxs_auart_initialize
                0x0000000004021230                arm_dcc_initialize
                0x0000000004021230                bmw_serial_initialize
                0x0000000004021230                mcf_serial_initialize
                0x0000000004021230                lh7a40x_serial_initialize
                0x0000000004021230                evb64260_serial_initialize
                0x0000000004021230                lpc32xx_serial_initialize
                0x0000000004021230                max3100_serial_initialize
                0x0000000004021230                mpc85xx_serial_initialize
                0x0000000004021230                imx_serial_initialize
                0x0000000004021230                ixp_serial_initialize
                0x0000000004021230                bfin_jtag_initialize
                0x0000000004021230                cogent_serial_initialize
                0x0000000004021230                clps7111_serial_initialize
                0x0000000004021230                ml2_serial_initialize
                0x0000000004021230                sandbox_serial_initialize
                0x0000000004021230                s3c24xx_serial_initialize
                0x0000000004021230                sconsole_serial_initialize
                0x0000000004021230                uartlite_serial_initialize
                0x0000000004021230                au1x00_serial_initialize
                0x0000000004021230                pxa_serial_initialize
                0x0000000004021230                atmel_serial_initialize
                0x0000000004021230                pl01x_serial_initialize
                0x0000000004021230                altera_jtag_serial_initialize
                0x0000000004021230                mpc512x_serial_initialize
                0x0000000004021230                s5p_serial_initialize
                0x0000000004021230                ks8695_serial_initialize
                0x0000000004021230                sa1100_serial_initialize
                0x0000000004021230                mpc8260_scc_serial_initialize
                0x0000000004021230                mxc_serial_initialize
                0x0000000004021230                iop480_serial_initialize
                0x0000000004021230                mpc8xx_serial_initialize
                0x0000000004021230                mpc8260_smc_serial_initialize
                0x0000000004021230                mpc5xx_serial_initialize
 .text.serial_register